Script started on Tue 19 Mar 2019 12:33:57 PM EDT
khokha59@dh2020pc03:~/209_repo/t10$ gdb bufserver
GNU gdb (Ubuntu 7.11.1-0ubuntu1~16.5) 7.11.1
Copyright (C) 2016 Free Software Foundation, Inc.
License GPLv3+: GNU GPL version 3 or later <http://gnu.org/licenses/gpl.html>
This is free software: you are free to change and redistribute it.
There is NO WARRANTY, to the extent permitted by law.  Type "show copying"
and "show warranty" for details.
This GDB was configured as "x86_64-linux-gnu".
Type "show configuration" for configuration details.
For bug reporting instructions, please see:
<http://www.gnu.org/software/gdb/bugs/>.
Find the GDB manual and other documentation resources online at:
<http://www.gnu.org/software/gdb/documentation/>.
For help, type "help".
Type "apropos word" to search for commands related to "word"...
Reading symbols from bufserver...done.
(gdb) break main
Breakpoint 1 at 0x40121c: file bufserver.c, line 18.
(gdb) n
The program is not being run.
(gdb) run
Starting program: /student/khokha59/209_repo/t10/bufserver 
[Thread debugging using libthread_db enabled]
Using host libthread_db library "/lib/x86_64-linux-gnu/libthread_db.so.1".

Breakpoint 1, main () at bufserver.c:18
18	int main() {
(gdb) n
21	    setbuf(stdout, NULL);
(gdb) n
23	    struct sockaddr_in *self = init_server_addr(PORT);
(gdb) n
24	    int listenfd = setup_server_socket(self, 5);
(gdb) n
27	        int fd = accept_connection(listenfd);
(gdb) n
Waiting for a new connection...
New connection accepted from 127.0.0.1:37630
28	        if (fd < 0) {
(gdb) n
33	        char buf[BUFSIZE] = {'\0'};
(gdb) n
34	        int inbuf = 0;           // How many bytes currently in buffer?
(gdb) n
35	        int room = sizeof(buf);  // How many bytes remaining in buffer?
(gdb) display inbuf
1: inbuf = 0
(gdb) display buf
2: buf = '\000' <repeats 29 times>
(gdb) display buf[C[C[C[C[C[C[Kn
36	        char *after = buf;       // Pointer to position after the data in buf
1: inbuf = 0
2: buf = '\000' <repeats 29 times>
(gdb) n
39	        while ((nbytes = read(fd, after, room)) > 0) {
1: inbuf = 0
2: buf = '\000' <repeats 29 times>
(gdb) n
41	            inbuf = inbuf + nbytes;
1: inbuf = 0
2: buf = "A stitch in time\r\nA stitch in "
(gdb) n
52	            while ((where = find_network_newline(buf, inbuf)) > 0) {
1: inbuf = 30
2: buf = "A stitch in time\r\nA stitch in "
(gdb) n
63	                buf[where-2] = '\0';
1: inbuf = 30
2: buf = "A stitch in time\r\nA stitch in "
(gdb) n
64	                printf("Next message: %s\n", buf);
1: inbuf = 30
2: buf = "A stitch in time\000\nA stitch in "
(gdb) n
Next message: A stitch in time
72	                inbuf = inbuf-where; // all the remaining # of items after the \r\n
1: inbuf = 30
2: buf = "A stitch in time\000\nA stitch in "
(gdb) n
79	                memmove(buf, buf+where, inbuf);
1: inbuf = 12
2: buf = "A stitch in time\000\nA stitch in "
(gdb) n
52	            while ((where = find_network_newline(buf, inbuf)) > 0) {
1: inbuf = 12
2: buf = "A stitch in time\000\nA stitch in "
(gdb) n
83	            after = buf+inbuf;
1: inbuf = 12
2: buf = "A stitch in time\000\nA stitch in "
(gdb) n
84	            room = BUFSIZE-inbuf;
1: inbuf = 12
2: buf = "A stitch in time\000\nA stitch in "
(gdb) n
39	        while ((nbytes = read(fd, after, room)) > 0) {
1: inbuf = 12
2: buf = "A stitch in time\000\nA stitch in "
(gdb) n
41	            inbuf = inbuf + nbytes;
1: inbuf = 12
2: buf = "A stitch in time\r\nA stitch in "
(gdb) n
52	            while ((where = find_network_newline(buf, inbuf)) > 0) {
1: inbuf = 30
2: buf = "A stitch in time\r\nA stitch in "
(gdb) n
63	                buf[where-2] = '\0';
1: inbuf = 30
2: buf = "A stitch in time\r\nA stitch in "
(gdb) n
64	                printf("Next message: %s\n", buf);
1: inbuf = 30
2: buf = "A stitch in time\000\nA stitch in "
(gdb) n
Next message: A stitch in time
72	                inbuf = inbuf-where; // all the remaining # of items after the \r\n
1: inbuf = 30
2: buf = "A stitch in time\000\nA stitch in "
(gdb) n
79	                memmove(buf, buf+where, inbuf);
1: inbuf = 12
2: buf = "A stitch in time\000\nA stitch in "
(gdb) n
52	            while ((where = find_network_newline(buf, inbuf)) > 0) {
1: inbuf = 12
2: buf = "A stitch in time\000\nA stitch in "
(gdb) n
83	            after = buf+inbuf;
1: inbuf = 12
2: buf = "A stitch in time\000\nA stitch in "
(gdb) n
84	            room = BUFSIZE-inbuf;
1: inbuf = 12
2: buf = "A stitch in time\000\nA stitch in "
(gdb) n
39	        while ((nbytes = read(fd, after, room)) > 0) {
1: inbuf = 12
2: buf = "A stitch in time\000\nA stitch in "
(gdb) n
41	            inbuf = inbuf + nbytes;
1: inbuf = 12
2: buf = "A stitch in time\r\nA stitch in "
(gdb) n
52	            while ((where = find_network_newline(buf, inbuf)) > 0) {
1: inbuf = 30
2: buf = "A stitch in time\r\nA stitch in "
(gdb) n
63	                buf[where-2] = '\0';
1: inbuf = 30
2: buf = "A stitch in time\r\nA stitch in "
(gdb) n
64	                printf("Next message: %s\n", buf);
1: inbuf = 30
2: buf = "A stitch in time\000\nA stitch in "
(gdb) n
Next message: A stitch in time
72	                inbuf = inbuf-where; // all the remaining # of items after the \r\n
1: inbuf = 30
2: buf = "A stitch in time\000\nA stitch in "
(gdb) n
79	                memmove(buf, buf+where, inbuf);
1: inbuf = 12
2: buf = "A stitch in time\000\nA stitch in "
(gdb) n
52	            while ((where = find_network_newline(buf, inbuf)) > 0) {
1: inbuf = 12
2: buf = "A stitch in time\000\nA stitch in "
(gdb) n
83	            after = buf+inbuf;
1: inbuf = 12
2: buf = "A stitch in time\000\nA stitch in "
(gdb) n
84	            room = BUFSIZE-inbuf;
1: inbuf = 12
2: buf = "A stitch in time\000\nA stitch in "
(gdb) n
39	        while ((nbytes = read(fd, after, room)) > 0) {
1: inbuf = 12
2: buf = "A stitch in time\000\nA stitch in "
(gdb) n
41	            inbuf = inbuf + nbytes;
1: inbuf = 12
2: buf = "A stitch in time\r\nA stitch in "
(gdb) n
52	            while ((where = find_network_newline(buf, inbuf)) > 0) {
1: inbuf = 30
2: buf = "A stitch in time\r\nA stitch in "
(gdb) n
63	                buf[where-2] = '\0';
1: inbuf = 30
2: buf = "A stitch in time\r\nA stitch in "
(gdb) n
64	                printf("Next message: %s\n", buf);
1: inbuf = 30
2: buf = "A stitch in time\000\nA stitch in "
(gdb) n
Next message: A stitch in time
72	                inbuf = inbuf-where; // all the remaining # of items after the \r\n
1: inbuf = 30
2: buf = "A stitch in time\000\nA stitch in "
(gdb) n
79	                memmove(buf, buf+where, inbuf);
1: inbuf = 12
2: buf = "A stitch in time\000\nA stitch in "
(gdb) n
52	            while ((where = find_network_newline(buf, inbuf)) > 0) {
1: inbuf = 12
2: buf = "A stitch in time\000\nA stitch in "
(gdb) n
83	            after = buf+inbuf;
1: inbuf = 12
2: buf = "A stitch in time\000\nA stitch in "
(gdb) n
84	            room = BUFSIZE-inbuf;
1: inbuf = 12
2: buf = "A stitch in time\000\nA stitch in "
(gdb) n
39	        while ((nbytes = read(fd, after, room)) > 0) {
1: inbuf = 12
2: buf = "A stitch in time\000\nA stitch in "
(gdb) n
41	            inbuf = inbuf + nbytes;
1: inbuf = 12
2: buf = "A stitch in time\r\nA stitch in "
(gdb) n
52	            while ((where = find_network_newline(buf, inbuf)) > 0) {
1: inbuf = 18
2: buf = "A stitch in time\r\nA stitch in "
(gdb) n
63	                buf[where-2] = '\0';
1: inbuf = 18
2: buf = "A stitch in time\r\nA stitch in "
(gdb) n
64	                printf("Next message: %s\n", buf);
1: inbuf = 18
2: buf = "A stitch in time\000\nA stitch in "
(gdb) n
Next message: A stitch in time
72	                inbuf = inbuf-where; // all the remaining # of items after the \r\n
1: inbuf = 18
2: buf = "A stitch in time\000\nA stitch in "
(gdb) n
79	                memmove(buf, buf+where, inbuf);
1: inbuf = 0
2: buf = "A stitch in time\000\nA stitch in "
(gdb) n
52	            while ((where = find_network_newline(buf, inbuf)) > 0) {
1: inbuf = 0
2: buf = "A stitch in time\000\nA stitch in "
(gdb) n
83	            after = buf+inbuf;
1: inbuf = 0
2: buf = "A stitch in time\000\nA stitch in "
(gdb) n
84	            room = BUFSIZE-inbuf;
1: inbuf = 0
2: buf = "A stitch in time\000\nA stitch in "
(gdb) n
39	        while ((nbytes = read(fd, after, room)) > 0) {
1: inbuf = 0
2: buf = "A stitch in time\000\nA stitch in "
(gdb) n
87	        close(fd);
1: inbuf = 0
2: buf = "A stitch in time\000\nA stitch in "
(gdb) n
27	        int fd = accept_connection(listenfd);
1: inbuf = 0
2: buf = "A stitch in time\000\nA stitch in "
(gdb) n
Waiting for a new connection...
n
^C
Program received signal SIGINT, Interrupt.
0x00007ffff6ba80a0 in __accept_nocancel () at ../sysdeps/unix/syscall-template.S:84
84	../sysdeps/unix/syscall-template.S: No such file or directory.
(gdb) q[Kexit
Undefined command: "exit".  Try "help".
(gdb) q
A debugging session is active.

	Inferior 1 [process 21306] will be killed.

Quit anyway? (y or n) y
khokha59@dh2020pc03:~/209_repo/t10$ exit
exit

Script done on Tue 19 Mar 2019 12:40:05 PM EDT
