Script started on Tue 19 Mar 2019 12:24:55 PM EDT
khokha59@dh2020pc03:~/209_repo/t10$ gdb bufserver
GNU gdb (Ubuntu 7.11.1-0ubuntu1~16.5) 7.11.1
Copyright (C) 2016 Free Software Foundation, Inc.
License GPLv3+: GNU GPL version 3 or later <http://gnu.org/licenses/gpl.html>
This is free software: you are free to change and redistribute it.
There is NO WARRANTY, to the extent permitted by law.  Type "show copying"
and "show warranty" for details.
This GDB was configured as "x86_64-linux-gnu".
Type "show configuration" for configuration details.
For bug reporting instructions, please see:
<http://www.gnu.org/software/gdb/bugs/>.
Find the GDB manual and other documentation resources online at:
<http://www.gnu.org/software/gdb/documentation/>.
For help, type "help".
Type "apropos word" to search for commands related to "word"...
Reading symbols from bufserver...done.
(gdb) break setup_server_socket[C
Breakpoint 1 at 0x4016cc: file socket.c, line 33.
(gdb) run
Starting program: /student/khokha59/209_repo/t10/bufserver 
[Thread debugging using libthread_db enabled]
Using host libthread_db library "/lib/x86_64-linux-gnu/libthread_db.so.1".

Breakpoint 1, setup_server_socket (self=0x60200000eff0, num_queue=5) at socket.c:33
33	int setup_server_socket(struct sockaddr_in *self, int num_queue) {
(gdb) n
34	    int soc = socket(PF_INET, SOCK_STREAM, 0);
(gdb) n
35	    if (soc < 0) {
(gdb) n
42	    int on = 1;
(gdb) n
43	    int status = setsockopt(soc, SOL_SOCKET, SO_REUSEADDR,
(gdb) n
45	    if (status < 0) {
(gdb) n
51	    if (bind(soc, (struct sockaddr *)self, sizeof(*self)) < 0) {
(gdb) n
58	    if (listen(soc, num_queue) < 0) {
(gdb) n
64	    return soc;
(gdb) n
33	int setup_server_socket(struct sockaddr_in *self, int num_queue) {
(gdb) n
65	}
(gdb) n
main () at bufserver.c:27
27	        int fd = accept_connection(listenfd);
(gdb) n[Kn
Waiting for a new connection...
New connection accepted from 127.0.0.1:37620
28	        if (fd < 0) {
(gdb) n
33	        char buf[BUFSIZE] = {'\0'};
(gdb) n
34	        int inbuf = 0;           // How many bytes currently in buffer?
(gdb) n
35	        int room = sizeof(buf);  // How many bytes remaining in buffer?
(gdb) n
36	        char *after = buf;       // Pointer to position after the data in buf
(gdb) n
39	        while ((nbytes = read(fd, after, room)) > 0) {
(gdb) n
41	            inbuf = inbuf + nbytes;
(gdb) n
52	            while ((where = find_network_newline(buf, inbuf)) > 0) {
(gdb) n
63	                buf[where-2] = '\0';
(gdb) n
64	                printf("Next message: %s\n", buf);
(gdb) n
Next message: A stitch in time
72	                inbuf = inbuf-where; // all the remaining # of items after the \r\n
(gdb) n
79	                memmove(buf, buf+where, inbuf);
(gdb) n
52	            while ((where = find_network_newline(buf, inbuf)) > 0) {
(gdb) n
83	            after = buf+inbuf;
(gdb) n
84	            room = BUFSIZE-inbuf;
(gdb) n
39	        while ((nbytes = read(fd, after, room)) > 0) {
(gdb) n
41	            inbuf = inbuf + nbytes;
(gdb) n
52	            while ((where = find_network_newline(buf, inbuf)) > 0) {
(gdb) n
63	                buf[where-2] = '\0';
(gdb) n
64	                printf("Next message: %s\n", buf);
(gdb) n
Next message: A stitch in time
72	                inbuf = inbuf-where; // all the remaining # of items after the \r\n
(gdb) n
79	                memmove(buf, buf+where, inbuf);
(gdb) n
52	            while ((where = find_network_newline(buf, inbuf)) > 0) {
(gdb) n
83	            after = buf+inbuf;
(gdb) n
84	            room = BUFSIZE-inbuf;
(gdb) n
39	        while ((nbytes = read(fd, after, room)) > 0) {
(gdb) n
41	            inbuf = inbuf + nbytes;
(gdb) n
52	            while ((where = find_network_newline(buf, inbuf)) > 0) {
(gdb) n
63	                buf[where-2] = '\0';
(gdb) n
64	                printf("Next message: %s\n", buf);
(gdb) n
Next message: A stitch in time
72	                inbuf = inbuf-where; // all the remaining # of items after the \r\n
(gdb) n
79	                memmove(buf, buf+where, inbuf);
(gdb) n
52	            while ((where = find_network_newline(buf, inbuf)) > 0) {
(gdb) n
83	            after = buf+inbuf;
(gdb) n
84	            room = BUFSIZE-inbuf;
(gdb) n
39	        while ((nbytes = read(fd, after, room)) > 0) {
(gdb) n
41	            inbuf = inbuf + nbytes;
(gdb) n
52	            while ((where = find_network_newline(buf, inbuf)) > 0) {
(gdb) n
63	                buf[where-2] = '\0';
(gdb) n
64	                printf("Next message: %s\n", buf);
(gdb) n
Next message: A stitch in time
72	                inbuf = inbuf-where; // all the remaining # of items after the \r\n
(gdb) n
79	                memmove(buf, buf+where, inbuf);
(gdb) n
52	            while ((where = find_network_newline(buf, inbuf)) > 0) {
(gdb) n
83	            after = buf+inbuf;
(gdb) n
84	            room = BUFSIZE-inbuf;
(gdb) n
39	        while ((nbytes = read(fd, after, room)) > 0) {
(gdb) n
41	            inbuf = inbuf + nbytes;
(gdb) n
52	            while ((where = find_network_newline(buf, inbuf)) > 0) {
(gdb) n
63	                buf[where-2] = '\0';
(gdb) n
64	                printf("Next message: %s\n", buf);
(gdb) n
Next message: A stitch in time
72	                inbuf = inbuf-where; // all the remaining # of items after the \r\n
(gdb) n
79	                memmove(buf, buf+where, inbuf);
(gdb) n
52	            while ((where = find_network_newline(buf, inbuf)) > 0) {
(gdb) n
83	            after = buf+inbuf;
(gdb) n
84	            room = BUFSIZE-inbuf;
(gdb) n
39	        while ((nbytes = read(fd, after, room)) > 0) {
(gdb) n
87	        close(fd);
(gdb) n
27	        int fd = accept_connection(listenfd);
(gdb) n
Waiting for a new connection...
ee xit
^C
Program received signal SIGINT, Interrupt.
0x00007ffff6ba80a0 in __accept_nocancel () at ../sysdeps/unix/syscall-template.S:84
84	../sysdeps/unix/syscall-template.S: No such file or directory.
(gdb) exoy[K[Kiy[Kt
Undefined command: "exit".  Try "help".
(gdb) q
A debugging session is active.

	Inferior 1 [process 21055] will be killed.

Quit anyway? (y or n) y
khokha59@dh2020pc03:~/209_repo/t10$ exit
exit

Script done on Tue 19 Mar 2019 12:32:25 PM EDT
